// Jest Snapshot v1, https://goo.gl/fbAQLP

exports[`FreeMasonry disables pointer events when isScrolling: pointer-events: none; 1`] = `
<DocumentFragment>
  <div
    role="grid"
    style="position: relative; width: 100%; max-width: 100%; height: 0px; max-height: 0; will-change: contents, height; pointer-events: none;"
    tabindex="0"
  >
    <div
      role="griditem"
      style="top: 0px; left: 0px; width: 213px; writing-mode: horizontal-tb; position: absolute;"
    >
      <div
        style="width: 100%; height: 360px;"
      >
        <span>
          0
        </span>
        Hello
      </div>
    </div>
  </div>
</DocumentFragment>
`;

exports[`FreeMasonry re-renders on scroll: measure 1`] = `
<DocumentFragment>
  <div
    role="grid"
    style="position: relative; width: 100%; max-width: 100%; height: 206697px; max-height: 206697px;"
    tabindex="0"
  >
    <div
      role="griditem"
      style="top: 0px; left: 0px; width: 213px; writing-mode: horizontal-tb; position: absolute;"
    >
      <div
        style="width: 100%; height: 360px;"
      >
        <span>
          0
        </span>
        Hello
      </div>
    </div>
    <div
      role="griditem"
      style="top: 0px; left: 0px; width: 213px; writing-mode: horizontal-tb; position: absolute;"
    >
      <div
        style="width: 100%; height: 420px;"
      >
        <span>
          1
        </span>
        Hello
      </div>
    </div>
    <div
      role="griditem"
      style="top: 0px; left: 0px; width: 213px; writing-mode: horizontal-tb; position: absolute;"
    >
      <div
        style="width: 100%; height: 372px;"
      >
        <span>
          2
        </span>
        Hello
      </div>
    </div>
    <div
      role="griditem"
      style="top: 0px; left: 0px; width: 213px; writing-mode: horizontal-tb; position: absolute;"
    >
      <div
        style="width: 100%; height: 460px;"
      >
        <span>
          3
        </span>
        Hello
      </div>
    </div>
    <div
      role="griditem"
      style="top: 0px; left: 0px; width: 213px; writing-mode: horizontal-tb; position: absolute;"
    >
      <div
        style="width: 100%; height: 520px;"
      >
        <span>
          4
        </span>
        Hello
      </div>
    </div>
    <div
      role="griditem"
      style="top: 0px; left: 0px; width: 213px; writing-mode: horizontal-tb; position: absolute;"
    >
      <div
        style="width: 100%; height: 356px;"
      >
        <span>
          5
        </span>
        Hello
      </div>
    </div>
    <div
      role="griditem"
      style="top: 0px; left: 0px; width: 213px; writing-mode: horizontal-tb; position: absolute;"
    >
      <div
        style="width: 100%; height: 340px;"
      >
        <span>
          6
        </span>
        Hello
      </div>
    </div>
    <div
      role="griditem"
      style="top: 0px; left: 0px; width: 213px; writing-mode: horizontal-tb; position: absolute;"
    >
      <div
        style="width: 100%; height: 376px;"
      >
        <span>
          7
        </span>
        Hello
      </div>
    </div>
    <div
      role="griditem"
      style="top: 0px; left: 0px; width: 213px; writing-mode: horizontal-tb; position: absolute;"
    >
      <div
        style="width: 100%; height: 524px;"
      >
        <span>
          8
        </span>
        Hello
      </div>
    </div>
    <div
      role="griditem"
      style="top: 0px; left: 0px; width: 213px; writing-mode: horizontal-tb; position: absolute;"
    >
      <div
        style="width: 100%; height: 360px;"
      >
        <span>
          9
        </span>
        Hello
      </div>
    </div>
    <div
      role="griditem"
      style="top: 0px; left: 0px; width: 213px; writing-mode: horizontal-tb; position: absolute;"
    >
      <div
        style="width: 100%; height: 420px;"
      >
        <span>
          10
        </span>
        Hello
      </div>
    </div>
    <div
      role="griditem"
      style="width: 213px; z-index: -1000; visibility: hidden; position: absolute; writing-mode: horizontal-tb;"
    >
      <div
        style="width: 100%; height: 372px;"
      >
        <span>
          11
        </span>
        Hello
      </div>
    </div>
    <div
      role="griditem"
      style="width: 213px; z-index: -1000; visibility: hidden; position: absolute; writing-mode: horizontal-tb;"
    >
      <div
        style="width: 100%; height: 460px;"
      >
        <span>
          12
        </span>
        Hello
      </div>
    </div>
    <div
      role="griditem"
      style="width: 213px; z-index: -1000; visibility: hidden; position: absolute; writing-mode: horizontal-tb;"
    >
      <div
        style="width: 100%; height: 520px;"
      >
        <span>
          13
        </span>
        Hello
      </div>
    </div>
    <div
      role="griditem"
      style="width: 213px; z-index: -1000; visibility: hidden; position: absolute; writing-mode: horizontal-tb;"
    >
      <div
        style="width: 100%; height: 356px;"
      >
        <span>
          14
        </span>
        Hello
      </div>
    </div>
    <div
      role="griditem"
      style="width: 213px; z-index: -1000; visibility: hidden; position: absolute; writing-mode: horizontal-tb;"
    >
      <div
        style="width: 100%; height: 340px;"
      >
        <span>
          15
        </span>
        Hello
      </div>
    </div>
    <div
      role="griditem"
      style="width: 213px; z-index: -1000; visibility: hidden; position: absolute; writing-mode: horizontal-tb;"
    >
      <div
        style="width: 100%; height: 376px;"
      >
        <span>
          16
        </span>
        Hello
      </div>
    </div>
    <div
      role="griditem"
      style="width: 213px; z-index: -1000; visibility: hidden; position: absolute; writing-mode: horizontal-tb;"
    >
      <div
        style="width: 100%; height: 524px;"
      >
        <span>
          17
        </span>
        Hello
      </div>
    </div>
    <div
      role="griditem"
      style="width: 213px; z-index: -1000; visibility: hidden; position: absolute; writing-mode: horizontal-tb;"
    >
      <div
        style="width: 100%; height: 360px;"
      >
        <span>
          18
        </span>
        Hello
      </div>
    </div>
    <div
      role="griditem"
      style="width: 213px; z-index: -1000; visibility: hidden; position: absolute; writing-mode: horizontal-tb;"
    >
      <div
        style="width: 100%; height: 420px;"
      >
        <span>
          19
        </span>
        Hello
      </div>
    </div>
    <div
      role="griditem"
      style="width: 213px; z-index: -1000; visibility: hidden; position: absolute; writing-mode: horizontal-tb;"
    >
      <div
        style="width: 100%; height: 372px;"
      >
        <span>
          20
        </span>
        Hello
      </div>
    </div>
    <div
      role="griditem"
      style="width: 213px; z-index: -1000; visibility: hidden; position: absolute; writing-mode: horizontal-tb;"
    >
      <div
        style="width: 100%; height: 460px;"
      >
        <span>
          21
        </span>
        Hello
      </div>
    </div>
  </div>
</DocumentFragment>
`;

exports[`FreeMasonry re-renders on scroll: scrolled 1`] = `
<DocumentFragment>
  <div
    role="grid"
    style="position: relative; width: 100%; max-width: 100%; height: 205869px; max-height: 205869px;"
    tabindex="0"
  >
    <div
      role="griditem"
      style="width: 213px; z-index: -1000; visibility: hidden; position: absolute; writing-mode: horizontal-tb;"
    >
      <div
        style="width: 100%; height: 520px;"
      >
        <span>
          22
        </span>
        Hello
      </div>
    </div>
    <div
      role="griditem"
      style="width: 213px; z-index: -1000; visibility: hidden; position: absolute; writing-mode: horizontal-tb;"
    >
      <div
        style="width: 100%; height: 356px;"
      >
        <span>
          23
        </span>
        Hello
      </div>
    </div>
    <div
      role="griditem"
      style="width: 213px; z-index: -1000; visibility: hidden; position: absolute; writing-mode: horizontal-tb;"
    >
      <div
        style="width: 100%; height: 340px;"
      >
        <span>
          24
        </span>
        Hello
      </div>
    </div>
    <div
      role="griditem"
      style="width: 213px; z-index: -1000; visibility: hidden; position: absolute; writing-mode: horizontal-tb;"
    >
      <div
        style="width: 100%; height: 376px;"
      >
        <span>
          25
        </span>
        Hello
      </div>
    </div>
    <div
      role="griditem"
      style="width: 213px; z-index: -1000; visibility: hidden; position: absolute; writing-mode: horizontal-tb;"
    >
      <div
        style="width: 100%; height: 524px;"
      >
        <span>
          26
        </span>
        Hello
      </div>
    </div>
    <div
      role="griditem"
      style="width: 213px; z-index: -1000; visibility: hidden; position: absolute; writing-mode: horizontal-tb;"
    >
      <div
        style="width: 100%; height: 360px;"
      >
        <span>
          27
        </span>
        Hello
      </div>
    </div>
    <div
      role="griditem"
      style="width: 213px; z-index: -1000; visibility: hidden; position: absolute; writing-mode: horizontal-tb;"
    >
      <div
        style="width: 100%; height: 420px;"
      >
        <span>
          28
        </span>
        Hello
      </div>
    </div>
    <div
      role="griditem"
      style="width: 213px; z-index: -1000; visibility: hidden; position: absolute; writing-mode: horizontal-tb;"
    >
      <div
        style="width: 100%; height: 372px;"
      >
        <span>
          29
        </span>
        Hello
      </div>
    </div>
    <div
      role="griditem"
      style="width: 213px; z-index: -1000; visibility: hidden; position: absolute; writing-mode: horizontal-tb;"
    >
      <div
        style="width: 100%; height: 460px;"
      >
        <span>
          30
        </span>
        Hello
      </div>
    </div>
    <div
      role="griditem"
      style="width: 213px; z-index: -1000; visibility: hidden; position: absolute; writing-mode: horizontal-tb;"
    >
      <div
        style="width: 100%; height: 520px;"
      >
        <span>
          31
        </span>
        Hello
      </div>
    </div>
    <div
      role="griditem"
      style="width: 213px; z-index: -1000; visibility: hidden; position: absolute; writing-mode: horizontal-tb;"
    >
      <div
        style="width: 100%; height: 356px;"
      >
        <span>
          32
        </span>
        Hello
      </div>
    </div>
    <div
      role="griditem"
      style="width: 213px; z-index: -1000; visibility: hidden; position: absolute; writing-mode: horizontal-tb;"
    >
      <div
        style="width: 100%; height: 340px;"
      >
        <span>
          33
        </span>
        Hello
      </div>
    </div>
    <div
      role="griditem"
      style="width: 213px; z-index: -1000; visibility: hidden; position: absolute; writing-mode: horizontal-tb;"
    >
      <div
        style="width: 100%; height: 376px;"
      >
        <span>
          34
        </span>
        Hello
      </div>
    </div>
    <div
      role="griditem"
      style="width: 213px; z-index: -1000; visibility: hidden; position: absolute; writing-mode: horizontal-tb;"
    >
      <div
        style="width: 100%; height: 524px;"
      >
        <span>
          35
        </span>
        Hello
      </div>
    </div>
    <div
      role="griditem"
      style="width: 213px; z-index: -1000; visibility: hidden; position: absolute; writing-mode: horizontal-tb;"
    >
      <div
        style="width: 100%; height: 360px;"
      >
        <span>
          36
        </span>
        Hello
      </div>
    </div>
    <div
      role="griditem"
      style="width: 213px; z-index: -1000; visibility: hidden; position: absolute; writing-mode: horizontal-tb;"
    >
      <div
        style="width: 100%; height: 420px;"
      >
        <span>
          37
        </span>
        Hello
      </div>
    </div>
    <div
      role="griditem"
      style="width: 213px; z-index: -1000; visibility: hidden; position: absolute; writing-mode: horizontal-tb;"
    >
      <div
        style="width: 100%; height: 372px;"
      >
        <span>
          38
        </span>
        Hello
      </div>
    </div>
    <div
      role="griditem"
      style="width: 213px; z-index: -1000; visibility: hidden; position: absolute; writing-mode: horizontal-tb;"
    >
      <div
        style="width: 100%; height: 460px;"
      >
        <span>
          39
        </span>
        Hello
      </div>
    </div>
    <div
      role="griditem"
      style="width: 213px; z-index: -1000; visibility: hidden; position: absolute; writing-mode: horizontal-tb;"
    >
      <div
        style="width: 100%; height: 520px;"
      >
        <span>
          40
        </span>
        Hello
      </div>
    </div>
    <div
      role="griditem"
      style="width: 213px; z-index: -1000; visibility: hidden; position: absolute; writing-mode: horizontal-tb;"
    >
      <div
        style="width: 100%; height: 356px;"
      >
        <span>
          41
        </span>
        Hello
      </div>
    </div>
    <div
      role="griditem"
      style="width: 213px; z-index: -1000; visibility: hidden; position: absolute; writing-mode: horizontal-tb;"
    >
      <div
        style="width: 100%; height: 340px;"
      >
        <span>
          42
        </span>
        Hello
      </div>
    </div>
    <div
      role="griditem"
      style="width: 213px; z-index: -1000; visibility: hidden; position: absolute; writing-mode: horizontal-tb;"
    >
      <div
        style="width: 100%; height: 376px;"
      >
        <span>
          43
        </span>
        Hello
      </div>
    </div>
    <div
      role="griditem"
      style="width: 213px; z-index: -1000; visibility: hidden; position: absolute; writing-mode: horizontal-tb;"
    >
      <div
        style="width: 100%; height: 524px;"
      >
        <span>
          44
        </span>
        Hello
      </div>
    </div>
    <div
      role="griditem"
      style="width: 213px; z-index: -1000; visibility: hidden; position: absolute; writing-mode: horizontal-tb;"
    >
      <div
        style="width: 100%; height: 360px;"
      >
        <span>
          45
        </span>
        Hello
      </div>
    </div>
    <div
      role="griditem"
      style="width: 213px; z-index: -1000; visibility: hidden; position: absolute; writing-mode: horizontal-tb;"
    >
      <div
        style="width: 100%; height: 420px;"
      >
        <span>
          46
        </span>
        Hello
      </div>
    </div>
  </div>
</DocumentFragment>
`;

exports[`FreeMasonry renders real positions after first pass: measure 1`] = `
<DocumentFragment>
  <div
    role="grid"
    style="position: relative; width: 100%; max-width: 100%; height: 205869px; max-height: 205869px;"
    tabindex="0"
  >
    <div
      role="griditem"
      style="top: 0px; left: 0px; width: 213px; writing-mode: horizontal-tb; position: absolute;"
    >
      <div
        style="width: 100%; height: 360px;"
      >
        <span>
          0
        </span>
        Hello
      </div>
    </div>
    <div
      role="griditem"
      style="top: 0px; left: 0px; width: 213px; writing-mode: horizontal-tb; position: absolute;"
    >
      <div
        style="width: 100%; height: 420px;"
      >
        <span>
          1
        </span>
        Hello
      </div>
    </div>
    <div
      role="griditem"
      style="top: 0px; left: 0px; width: 213px; writing-mode: horizontal-tb; position: absolute;"
    >
      <div
        style="width: 100%; height: 372px;"
      >
        <span>
          2
        </span>
        Hello
      </div>
    </div>
    <div
      role="griditem"
      style="top: 0px; left: 0px; width: 213px; writing-mode: horizontal-tb; position: absolute;"
    >
      <div
        style="width: 100%; height: 460px;"
      >
        <span>
          3
        </span>
        Hello
      </div>
    </div>
    <div
      role="griditem"
      style="top: 0px; left: 0px; width: 213px; writing-mode: horizontal-tb; position: absolute;"
    >
      <div
        style="width: 100%; height: 520px;"
      >
        <span>
          4
        </span>
        Hello
      </div>
    </div>
    <div
      role="griditem"
      style="top: 0px; left: 0px; width: 213px; writing-mode: horizontal-tb; position: absolute;"
    >
      <div
        style="width: 100%; height: 356px;"
      >
        <span>
          5
        </span>
        Hello
      </div>
    </div>
    <div
      role="griditem"
      style="top: 0px; left: 0px; width: 213px; writing-mode: horizontal-tb; position: absolute;"
    >
      <div
        style="width: 100%; height: 340px;"
      >
        <span>
          6
        </span>
        Hello
      </div>
    </div>
    <div
      role="griditem"
      style="top: 0px; left: 0px; width: 213px; writing-mode: horizontal-tb; position: absolute;"
    >
      <div
        style="width: 100%; height: 376px;"
      >
        <span>
          7
        </span>
        Hello
      </div>
    </div>
    <div
      role="griditem"
      style="top: 0px; left: 0px; width: 213px; writing-mode: horizontal-tb; position: absolute;"
    >
      <div
        style="width: 100%; height: 524px;"
      >
        <span>
          8
        </span>
        Hello
      </div>
    </div>
    <div
      role="griditem"
      style="top: 0px; left: 0px; width: 213px; writing-mode: horizontal-tb; position: absolute;"
    >
      <div
        style="width: 100%; height: 360px;"
      >
        <span>
          9
        </span>
        Hello
      </div>
    </div>
    <div
      role="griditem"
      style="top: 0px; left: 0px; width: 213px; writing-mode: horizontal-tb; position: absolute;"
    >
      <div
        style="width: 100%; height: 420px;"
      >
        <span>
          10
        </span>
        Hello
      </div>
    </div>
    <div
      role="griditem"
      style="top: 0px; left: 0px; width: 213px; writing-mode: horizontal-tb; position: absolute;"
    >
      <div
        style="width: 100%; height: 372px;"
      >
        <span>
          11
        </span>
        Hello
      </div>
    </div>
    <div
      role="griditem"
      style="top: 0px; left: 0px; width: 213px; writing-mode: horizontal-tb; position: absolute;"
    >
      <div
        style="width: 100%; height: 460px;"
      >
        <span>
          12
        </span>
        Hello
      </div>
    </div>
    <div
      role="griditem"
      style="top: 0px; left: 0px; width: 213px; writing-mode: horizontal-tb; position: absolute;"
    >
      <div
        style="width: 100%; height: 520px;"
      >
        <span>
          13
        </span>
        Hello
      </div>
    </div>
    <div
      role="griditem"
      style="top: 0px; left: 0px; width: 213px; writing-mode: horizontal-tb; position: absolute;"
    >
      <div
        style="width: 100%; height: 356px;"
      >
        <span>
          14
        </span>
        Hello
      </div>
    </div>
    <div
      role="griditem"
      style="top: 0px; left: 0px; width: 213px; writing-mode: horizontal-tb; position: absolute;"
    >
      <div
        style="width: 100%; height: 340px;"
      >
        <span>
          15
        </span>
        Hello
      </div>
    </div>
    <div
      role="griditem"
      style="top: 0px; left: 0px; width: 213px; writing-mode: horizontal-tb; position: absolute;"
    >
      <div
        style="width: 100%; height: 376px;"
      >
        <span>
          16
        </span>
        Hello
      </div>
    </div>
    <div
      role="griditem"
      style="top: 0px; left: 0px; width: 213px; writing-mode: horizontal-tb; position: absolute;"
    >
      <div
        style="width: 100%; height: 524px;"
      >
        <span>
          17
        </span>
        Hello
      </div>
    </div>
    <div
      role="griditem"
      style="top: 0px; left: 0px; width: 213px; writing-mode: horizontal-tb; position: absolute;"
    >
      <div
        style="width: 100%; height: 360px;"
      >
        <span>
          18
        </span>
        Hello
      </div>
    </div>
    <div
      role="griditem"
      style="top: 0px; left: 0px; width: 213px; writing-mode: horizontal-tb; position: absolute;"
    >
      <div
        style="width: 100%; height: 420px;"
      >
        <span>
          19
        </span>
        Hello
      </div>
    </div>
    <div
      role="griditem"
      style="top: 0px; left: 0px; width: 213px; writing-mode: horizontal-tb; position: absolute;"
    >
      <div
        style="width: 100%; height: 372px;"
      >
        <span>
          20
        </span>
        Hello
      </div>
    </div>
    <div
      role="griditem"
      style="width: 213px; z-index: -1000; visibility: hidden; position: absolute; writing-mode: horizontal-tb;"
    >
      <div
        style="width: 100%; height: 460px;"
      >
        <span>
          21
        </span>
        Hello
      </div>
    </div>
    <div
      role="griditem"
      style="width: 213px; z-index: -1000; visibility: hidden; position: absolute; writing-mode: horizontal-tb;"
    >
      <div
        style="width: 100%; height: 520px;"
      >
        <span>
          22
        </span>
        Hello
      </div>
    </div>
    <div
      role="griditem"
      style="width: 213px; z-index: -1000; visibility: hidden; position: absolute; writing-mode: horizontal-tb;"
    >
      <div
        style="width: 100%; height: 356px;"
      >
        <span>
          23
        </span>
        Hello
      </div>
    </div>
    <div
      role="griditem"
      style="width: 213px; z-index: -1000; visibility: hidden; position: absolute; writing-mode: horizontal-tb;"
    >
      <div
        style="width: 100%; height: 340px;"
      >
        <span>
          24
        </span>
        Hello
      </div>
    </div>
    <div
      role="griditem"
      style="width: 213px; z-index: -1000; visibility: hidden; position: absolute; writing-mode: horizontal-tb;"
    >
      <div
        style="width: 100%; height: 376px;"
      >
        <span>
          25
        </span>
        Hello
      </div>
    </div>
    <div
      role="griditem"
      style="width: 213px; z-index: -1000; visibility: hidden; position: absolute; writing-mode: horizontal-tb;"
    >
      <div
        style="width: 100%; height: 524px;"
      >
        <span>
          26
        </span>
        Hello
      </div>
    </div>
    <div
      role="griditem"
      style="width: 213px; z-index: -1000; visibility: hidden; position: absolute; writing-mode: horizontal-tb;"
    >
      <div
        style="width: 100%; height: 360px;"
      >
        <span>
          27
        </span>
        Hello
      </div>
    </div>
    <div
      role="griditem"
      style="width: 213px; z-index: -1000; visibility: hidden; position: absolute; writing-mode: horizontal-tb;"
    >
      <div
        style="width: 100%; height: 420px;"
      >
        <span>
          28
        </span>
        Hello
      </div>
    </div>
    <div
      role="griditem"
      style="width: 213px; z-index: -1000; visibility: hidden; position: absolute; writing-mode: horizontal-tb;"
    >
      <div
        style="width: 100%; height: 372px;"
      >
        <span>
          29
        </span>
        Hello
      </div>
    </div>
    <div
      role="griditem"
      style="width: 213px; z-index: -1000; visibility: hidden; position: absolute; writing-mode: horizontal-tb;"
    >
      <div
        style="width: 100%; height: 460px;"
      >
        <span>
          30
        </span>
        Hello
      </div>
    </div>
    <div
      role="griditem"
      style="width: 213px; z-index: -1000; visibility: hidden; position: absolute; writing-mode: horizontal-tb;"
    >
      <div
        style="width: 100%; height: 520px;"
      >
        <span>
          31
        </span>
        Hello
      </div>
    </div>
    <div
      role="griditem"
      style="width: 213px; z-index: -1000; visibility: hidden; position: absolute; writing-mode: horizontal-tb;"
    >
      <div
        style="width: 100%; height: 356px;"
      >
        <span>
          32
        </span>
        Hello
      </div>
    </div>
    <div
      role="griditem"
      style="width: 213px; z-index: -1000; visibility: hidden; position: absolute; writing-mode: horizontal-tb;"
    >
      <div
        style="width: 100%; height: 340px;"
      >
        <span>
          33
        </span>
        Hello
      </div>
    </div>
    <div
      role="griditem"
      style="width: 213px; z-index: -1000; visibility: hidden; position: absolute; writing-mode: horizontal-tb;"
    >
      <div
        style="width: 100%; height: 376px;"
      >
        <span>
          34
        </span>
        Hello
      </div>
    </div>
    <div
      role="griditem"
      style="width: 213px; z-index: -1000; visibility: hidden; position: absolute; writing-mode: horizontal-tb;"
    >
      <div
        style="width: 100%; height: 524px;"
      >
        <span>
          35
        </span>
        Hello
      </div>
    </div>
    <div
      role="griditem"
      style="width: 213px; z-index: -1000; visibility: hidden; position: absolute; writing-mode: horizontal-tb;"
    >
      <div
        style="width: 100%; height: 360px;"
      >
        <span>
          36
        </span>
        Hello
      </div>
    </div>
    <div
      role="griditem"
      style="width: 213px; z-index: -1000; visibility: hidden; position: absolute; writing-mode: horizontal-tb;"
    >
      <div
        style="width: 100%; height: 420px;"
      >
        <span>
          37
        </span>
        Hello
      </div>
    </div>
    <div
      role="griditem"
      style="width: 213px; z-index: -1000; visibility: hidden; position: absolute; writing-mode: horizontal-tb;"
    >
      <div
        style="width: 100%; height: 372px;"
      >
        <span>
          38
        </span>
        Hello
      </div>
    </div>
    <div
      role="griditem"
      style="width: 213px; z-index: -1000; visibility: hidden; position: absolute; writing-mode: horizontal-tb;"
    >
      <div
        style="width: 100%; height: 460px;"
      >
        <span>
          39
        </span>
        Hello
      </div>
    </div>
    <div
      role="griditem"
      style="width: 213px; z-index: -1000; visibility: hidden; position: absolute; writing-mode: horizontal-tb;"
    >
      <div
        style="width: 100%; height: 520px;"
      >
        <span>
          40
        </span>
        Hello
      </div>
    </div>
    <div
      role="griditem"
      style="width: 213px; z-index: -1000; visibility: hidden; position: absolute; writing-mode: horizontal-tb;"
    >
      <div
        style="width: 100%; height: 356px;"
      >
        <span>
          41
        </span>
        Hello
      </div>
    </div>
  </div>
</DocumentFragment>
`;

exports[`FreeMasonry renders real positions after first pass: render 1`] = `
<DocumentFragment>
  <div
    role="grid"
    style="position: relative; width: 100%; max-width: 100%; height: 204212px; max-height: 204212px;"
    tabindex="0"
  >
    <div
      role="griditem"
      style="top: 0px; left: 0px; width: 213px; writing-mode: horizontal-tb; position: absolute;"
    >
      <div
        style="width: 100%; height: 360px;"
      >
        <span>
          0
        </span>
        Hello
      </div>
    </div>
    <div
      role="griditem"
      style="top: 0px; left: 0px; width: 213px; writing-mode: horizontal-tb; position: absolute;"
    >
      <div
        style="width: 100%; height: 420px;"
      >
        <span>
          1
        </span>
        Hello
      </div>
    </div>
    <div
      role="griditem"
      style="top: 0px; left: 0px; width: 213px; writing-mode: horizontal-tb; position: absolute;"
    >
      <div
        style="width: 100%; height: 372px;"
      >
        <span>
          2
        </span>
        Hello
      </div>
    </div>
    <div
      role="griditem"
      style="top: 0px; left: 0px; width: 213px; writing-mode: horizontal-tb; position: absolute;"
    >
      <div
        style="width: 100%; height: 460px;"
      >
        <span>
          3
        </span>
        Hello
      </div>
    </div>
    <div
      role="griditem"
      style="top: 0px; left: 0px; width: 213px; writing-mode: horizontal-tb; position: absolute;"
    >
      <div
        style="width: 100%; height: 520px;"
      >
        <span>
          4
        </span>
        Hello
      </div>
    </div>
    <div
      role="griditem"
      style="top: 0px; left: 0px; width: 213px; writing-mode: horizontal-tb; position: absolute;"
    >
      <div
        style="width: 100%; height: 356px;"
      >
        <span>
          5
        </span>
        Hello
      </div>
    </div>
    <div
      role="griditem"
      style="top: 0px; left: 0px; width: 213px; writing-mode: horizontal-tb; position: absolute;"
    >
      <div
        style="width: 100%; height: 340px;"
      >
        <span>
          6
        </span>
        Hello
      </div>
    </div>
    <div
      role="griditem"
      style="top: 0px; left: 0px; width: 213px; writing-mode: horizontal-tb; position: absolute;"
    >
      <div
        style="width: 100%; height: 376px;"
      >
        <span>
          7
        </span>
        Hello
      </div>
    </div>
    <div
      role="griditem"
      style="top: 0px; left: 0px; width: 213px; writing-mode: horizontal-tb; position: absolute;"
    >
      <div
        style="width: 100%; height: 524px;"
      >
        <span>
          8
        </span>
        Hello
      </div>
    </div>
    <div
      role="griditem"
      style="top: 0px; left: 0px; width: 213px; writing-mode: horizontal-tb; position: absolute;"
    >
      <div
        style="width: 100%; height: 360px;"
      >
        <span>
          9
        </span>
        Hello
      </div>
    </div>
    <div
      role="griditem"
      style="top: 0px; left: 0px; width: 213px; writing-mode: horizontal-tb; position: absolute;"
    >
      <div
        style="width: 100%; height: 420px;"
      >
        <span>
          10
        </span>
        Hello
      </div>
    </div>
    <div
      role="griditem"
      style="top: 0px; left: 0px; width: 213px; writing-mode: horizontal-tb; position: absolute;"
    >
      <div
        style="width: 100%; height: 372px;"
      >
        <span>
          11
        </span>
        Hello
      </div>
    </div>
    <div
      role="griditem"
      style="top: 0px; left: 0px; width: 213px; writing-mode: horizontal-tb; position: absolute;"
    >
      <div
        style="width: 100%; height: 460px;"
      >
        <span>
          12
        </span>
        Hello
      </div>
    </div>
    <div
      role="griditem"
      style="top: 0px; left: 0px; width: 213px; writing-mode: horizontal-tb; position: absolute;"
    >
      <div
        style="width: 100%; height: 520px;"
      >
        <span>
          13
        </span>
        Hello
      </div>
    </div>
    <div
      role="griditem"
      style="top: 0px; left: 0px; width: 213px; writing-mode: horizontal-tb; position: absolute;"
    >
      <div
        style="width: 100%; height: 356px;"
      >
        <span>
          14
        </span>
        Hello
      </div>
    </div>
    <div
      role="griditem"
      style="top: 0px; left: 0px; width: 213px; writing-mode: horizontal-tb; position: absolute;"
    >
      <div
        style="width: 100%; height: 340px;"
      >
        <span>
          15
        </span>
        Hello
      </div>
    </div>
    <div
      role="griditem"
      style="top: 0px; left: 0px; width: 213px; writing-mode: horizontal-tb; position: absolute;"
    >
      <div
        style="width: 100%; height: 376px;"
      >
        <span>
          16
        </span>
        Hello
      </div>
    </div>
    <div
      role="griditem"
      style="top: 0px; left: 0px; width: 213px; writing-mode: horizontal-tb; position: absolute;"
    >
      <div
        style="width: 100%; height: 524px;"
      >
        <span>
          17
        </span>
        Hello
      </div>
    </div>
    <div
      role="griditem"
      style="top: 0px; left: 0px; width: 213px; writing-mode: horizontal-tb; position: absolute;"
    >
      <div
        style="width: 100%; height: 360px;"
      >
        <span>
          18
        </span>
        Hello
      </div>
    </div>
    <div
      role="griditem"
      style="top: 0px; left: 0px; width: 213px; writing-mode: horizontal-tb; position: absolute;"
    >
      <div
        style="width: 100%; height: 420px;"
      >
        <span>
          19
        </span>
        Hello
      </div>
    </div>
    <div
      role="griditem"
      style="top: 0px; left: 0px; width: 213px; writing-mode: horizontal-tb; position: absolute;"
    >
      <div
        style="width: 100%; height: 372px;"
      >
        <span>
          20
        </span>
        Hello
      </div>
    </div>
    <div
      role="griditem"
      style="width: 213px; position: absolute; writing-mode: horizontal-tb; top: 0px; left: 0px;"
    >
      <div
        style="width: 100%; height: 460px;"
      >
        <span>
          21
        </span>
        Hello
      </div>
    </div>
    <div
      role="griditem"
      style="width: 213px; position: absolute; writing-mode: horizontal-tb; top: 0px; left: 0px;"
    >
      <div
        style="width: 100%; height: 520px;"
      >
        <span>
          22
        </span>
        Hello
      </div>
    </div>
    <div
      role="griditem"
      style="width: 213px; position: absolute; writing-mode: horizontal-tb; top: 0px; left: 0px;"
    >
      <div
        style="width: 100%; height: 356px;"
      >
        <span>
          23
        </span>
        Hello
      </div>
    </div>
    <div
      role="griditem"
      style="width: 213px; position: absolute; writing-mode: horizontal-tb; top: 0px; left: 0px;"
    >
      <div
        style="width: 100%; height: 340px;"
      >
        <span>
          24
        </span>
        Hello
      </div>
    </div>
    <div
      role="griditem"
      style="width: 213px; position: absolute; writing-mode: horizontal-tb; top: 0px; left: 0px;"
    >
      <div
        style="width: 100%; height: 376px;"
      >
        <span>
          25
        </span>
        Hello
      </div>
    </div>
    <div
      role="griditem"
      style="width: 213px; position: absolute; writing-mode: horizontal-tb; top: 0px; left: 0px;"
    >
      <div
        style="width: 100%; height: 524px;"
      >
        <span>
          26
        </span>
        Hello
      </div>
    </div>
    <div
      role="griditem"
      style="width: 213px; position: absolute; writing-mode: horizontal-tb; top: 0px; left: 0px;"
    >
      <div
        style="width: 100%; height: 360px;"
      >
        <span>
          27
        </span>
        Hello
      </div>
    </div>
    <div
      role="griditem"
      style="width: 213px; position: absolute; writing-mode: horizontal-tb; top: 0px; left: 0px;"
    >
      <div
        style="width: 100%; height: 420px;"
      >
        <span>
          28
        </span>
        Hello
      </div>
    </div>
    <div
      role="griditem"
      style="width: 213px; position: absolute; writing-mode: horizontal-tb; top: 0px; left: 0px;"
    >
      <div
        style="width: 100%; height: 372px;"
      >
        <span>
          29
        </span>
        Hello
      </div>
    </div>
    <div
      role="griditem"
      style="width: 213px; position: absolute; writing-mode: horizontal-tb; top: 0px; left: 0px;"
    >
      <div
        style="width: 100%; height: 460px;"
      >
        <span>
          30
        </span>
        Hello
      </div>
    </div>
    <div
      role="griditem"
      style="width: 213px; position: absolute; writing-mode: horizontal-tb; top: 0px; left: 0px;"
    >
      <div
        style="width: 100%; height: 520px;"
      >
        <span>
          31
        </span>
        Hello
      </div>
    </div>
    <div
      role="griditem"
      style="width: 213px; position: absolute; writing-mode: horizontal-tb; top: 0px; left: 0px;"
    >
      <div
        style="width: 100%; height: 356px;"
      >
        <span>
          32
        </span>
        Hello
      </div>
    </div>
    <div
      role="griditem"
      style="width: 213px; position: absolute; writing-mode: horizontal-tb; top: 0px; left: 0px;"
    >
      <div
        style="width: 100%; height: 340px;"
      >
        <span>
          33
        </span>
        Hello
      </div>
    </div>
    <div
      role="griditem"
      style="width: 213px; position: absolute; writing-mode: horizontal-tb; top: 0px; left: 0px;"
    >
      <div
        style="width: 100%; height: 376px;"
      >
        <span>
          34
        </span>
        Hello
      </div>
    </div>
    <div
      role="griditem"
      style="width: 213px; position: absolute; writing-mode: horizontal-tb; top: 0px; left: 0px;"
    >
      <div
        style="width: 100%; height: 524px;"
      >
        <span>
          35
        </span>
        Hello
      </div>
    </div>
    <div
      role="griditem"
      style="width: 213px; position: absolute; writing-mode: horizontal-tb; top: 0px; left: 0px;"
    >
      <div
        style="width: 100%; height: 360px;"
      >
        <span>
          36
        </span>
        Hello
      </div>
    </div>
    <div
      role="griditem"
      style="width: 213px; position: absolute; writing-mode: horizontal-tb; top: 0px; left: 0px;"
    >
      <div
        style="width: 100%; height: 420px;"
      >
        <span>
          37
        </span>
        Hello
      </div>
    </div>
    <div
      role="griditem"
      style="width: 213px; position: absolute; writing-mode: horizontal-tb; top: 0px; left: 0px;"
    >
      <div
        style="width: 100%; height: 372px;"
      >
        <span>
          38
        </span>
        Hello
      </div>
    </div>
    <div
      role="griditem"
      style="width: 213px; position: absolute; writing-mode: horizontal-tb; top: 0px; left: 0px;"
    >
      <div
        style="width: 100%; height: 460px;"
      >
        <span>
          39
        </span>
        Hello
      </div>
    </div>
    <div
      role="griditem"
      style="width: 213px; position: absolute; writing-mode: horizontal-tb; top: 0px; left: 0px;"
    >
      <div
        style="width: 100%; height: 520px;"
      >
        <span>
          40
        </span>
        Hello
      </div>
    </div>
    <div
      role="griditem"
      style="width: 213px; position: absolute; writing-mode: horizontal-tb; top: 0px; left: 0px;"
    >
      <div
        style="width: 100%; height: 356px;"
      >
        <span>
          41
        </span>
        Hello
      </div>
    </div>
    <div
      role="griditem"
      style="width: 213px; z-index: -1000; visibility: hidden; position: absolute; writing-mode: horizontal-tb;"
    >
      <div
        style="width: 100%; height: 340px;"
      >
        <span>
          42
        </span>
        Hello
      </div>
    </div>
    <div
      role="griditem"
      style="width: 213px; z-index: -1000; visibility: hidden; position: absolute; writing-mode: horizontal-tb;"
    >
      <div
        style="width: 100%; height: 376px;"
      >
        <span>
          43
        </span>
        Hello
      </div>
    </div>
    <div
      role="griditem"
      style="width: 213px; z-index: -1000; visibility: hidden; position: absolute; writing-mode: horizontal-tb;"
    >
      <div
        style="width: 100%; height: 524px;"
      >
        <span>
          44
        </span>
        Hello
      </div>
    </div>
    <div
      role="griditem"
      style="width: 213px; z-index: -1000; visibility: hidden; position: absolute; writing-mode: horizontal-tb;"
    >
      <div
        style="width: 100%; height: 360px;"
      >
        <span>
          45
        </span>
        Hello
      </div>
    </div>
    <div
      role="griditem"
      style="width: 213px; z-index: -1000; visibility: hidden; position: absolute; writing-mode: horizontal-tb;"
    >
      <div
        style="width: 100%; height: 420px;"
      >
        <span>
          46
        </span>
        Hello
      </div>
    </div>
    <div
      role="griditem"
      style="width: 213px; z-index: -1000; visibility: hidden; position: absolute; writing-mode: horizontal-tb;"
    >
      <div
        style="width: 100%; height: 372px;"
      >
        <span>
          47
        </span>
        Hello
      </div>
    </div>
    <div
      role="griditem"
      style="width: 213px; z-index: -1000; visibility: hidden; position: absolute; writing-mode: horizontal-tb;"
    >
      <div
        style="width: 100%; height: 460px;"
      >
        <span>
          48
        </span>
        Hello
      </div>
    </div>
    <div
      role="griditem"
      style="width: 213px; z-index: -1000; visibility: hidden; position: absolute; writing-mode: horizontal-tb;"
    >
      <div
        style="width: 100%; height: 520px;"
      >
        <span>
          49
        </span>
        Hello
      </div>
    </div>
    <div
      role="griditem"
      style="width: 213px; z-index: -1000; visibility: hidden; position: absolute; writing-mode: horizontal-tb;"
    >
      <div
        style="width: 100%; height: 356px;"
      >
        <span>
          50
        </span>
        Hello
      </div>
    </div>
    <div
      role="griditem"
      style="width: 213px; z-index: -1000; visibility: hidden; position: absolute; writing-mode: horizontal-tb;"
    >
      <div
        style="width: 100%; height: 340px;"
      >
        <span>
          51
        </span>
        Hello
      </div>
    </div>
    <div
      role="griditem"
      style="width: 213px; z-index: -1000; visibility: hidden; position: absolute; writing-mode: horizontal-tb;"
    >
      <div
        style="width: 100%; height: 376px;"
      >
        <span>
          52
        </span>
        Hello
      </div>
    </div>
    <div
      role="griditem"
      style="width: 213px; z-index: -1000; visibility: hidden; position: absolute; writing-mode: horizontal-tb;"
    >
      <div
        style="width: 100%; height: 524px;"
      >
        <span>
          53
        </span>
        Hello
      </div>
    </div>
    <div
      role="griditem"
      style="width: 213px; z-index: -1000; visibility: hidden; position: absolute; writing-mode: horizontal-tb;"
    >
      <div
        style="width: 100%; height: 360px;"
      >
        <span>
          54
        </span>
        Hello
      </div>
    </div>
    <div
      role="griditem"
      style="width: 213px; z-index: -1000; visibility: hidden; position: absolute; writing-mode: horizontal-tb;"
    >
      <div
        style="width: 100%; height: 420px;"
      >
        <span>
          55
        </span>
        Hello
      </div>
    </div>
    <div
      role="griditem"
      style="width: 213px; z-index: -1000; visibility: hidden; position: absolute; writing-mode: horizontal-tb;"
    >
      <div
        style="width: 100%; height: 372px;"
      >
        <span>
          56
        </span>
        Hello
      </div>
    </div>
    <div
      role="griditem"
      style="width: 213px; z-index: -1000; visibility: hidden; position: absolute; writing-mode: horizontal-tb;"
    >
      <div
        style="width: 100%; height: 460px;"
      >
        <span>
          57
        </span>
        Hello
      </div>
    </div>
    <div
      role="griditem"
      style="width: 213px; z-index: -1000; visibility: hidden; position: absolute; writing-mode: horizontal-tb;"
    >
      <div
        style="width: 100%; height: 520px;"
      >
        <span>
          58
        </span>
        Hello
      </div>
    </div>
    <div
      role="griditem"
      style="width: 213px; z-index: -1000; visibility: hidden; position: absolute; writing-mode: horizontal-tb;"
    >
      <div
        style="width: 100%; height: 356px;"
      >
        <span>
          59
        </span>
        Hello
      </div>
    </div>
    <div
      role="griditem"
      style="width: 213px; z-index: -1000; visibility: hidden; position: absolute; writing-mode: horizontal-tb;"
    >
      <div
        style="width: 100%; height: 340px;"
      >
        <span>
          60
        </span>
        Hello
      </div>
    </div>
    <div
      role="griditem"
      style="width: 213px; z-index: -1000; visibility: hidden; position: absolute; writing-mode: horizontal-tb;"
    >
      <div
        style="width: 100%; height: 376px;"
      >
        <span>
          61
        </span>
        Hello
      </div>
    </div>
    <div
      role="griditem"
      style="width: 213px; z-index: -1000; visibility: hidden; position: absolute; writing-mode: horizontal-tb;"
    >
      <div
        style="width: 100%; height: 524px;"
      >
        <span>
          62
        </span>
        Hello
      </div>
    </div>
  </div>
</DocumentFragment>
`;

exports[`FreeMasonry sets a custom role: list listitem 1`] = `
<DocumentFragment>
  <div
    role="list"
    style="position: relative; width: 100%; max-width: 100%; height: 0px; max-height: 0;"
    tabindex="0"
  >
    <div
      role="listitem"
      style="top: 0px; left: 0px; width: 213px; writing-mode: horizontal-tb; position: absolute;"
    >
      <div
        style="width: 100%; height: 360px;"
      >
        <span>
          0
        </span>
        Hello
      </div>
    </div>
  </div>
</DocumentFragment>
`;

exports[`FreeMasonry sets class name: foobar 1`] = `
<DocumentFragment>
  <div
    class="foobar"
    role="grid"
    style="position: relative; width: 100%; max-width: 100%; height: 0px; max-height: 0;"
    tabindex="0"
  >
    <div
      role="griditem"
      style="top: 0px; left: 0px; width: 213px; writing-mode: horizontal-tb; position: absolute;"
    >
      <div
        style="width: 100%; height: 360px;"
      >
        <span>
          0
        </span>
        Hello
      </div>
    </div>
  </div>
</DocumentFragment>
`;

exports[`FreeMasonry sets custom element types: ul li 1`] = `
<DocumentFragment>
  <ul
    role="grid"
    style="position: relative; width: 100%; max-width: 100%; height: 0px; max-height: 0;"
    tabindex="0"
  >
    <li
      role="griditem"
      style="top: 0px; left: 0px; width: 213px; writing-mode: horizontal-tb; position: absolute;"
    >
      <div
        style="width: 100%; height: 360px;"
      >
        <span>
          0
        </span>
        Hello
      </div>
    </li>
  </ul>
</DocumentFragment>
`;

exports[`FreeMasonry sets tabIndex: 3 1`] = `
<DocumentFragment>
  <div
    role="grid"
    style="position: relative; width: 100%; max-width: 100%; height: 0px; max-height: 0;"
    tabindex="3"
  >
    <div
      role="griditem"
      style="top: 0px; left: 0px; width: 213px; writing-mode: horizontal-tb; position: absolute;"
    >
      <div
        style="width: 100%; height: 360px;"
      >
        <span>
          0
        </span>
        Hello
      </div>
    </div>
  </div>
</DocumentFragment>
`;

exports[`FreeMasonry sets user style on container: display: none; 1`] = `
<DocumentFragment>
  <div
    role="grid"
    style="position: relative; width: 100%; max-width: 100%; height: 0px; max-height: 0; display: none;"
    tabindex="0"
  >
    <div
      role="griditem"
      style="top: 0px; left: 0px; width: 213px; writing-mode: horizontal-tb; position: absolute;"
    >
      <div
        style="width: 100%; height: 360px;"
      >
        <span>
          0
        </span>
        Hello
      </div>
    </div>
  </div>
</DocumentFragment>
`;

exports[`FreeMasonry sets user style on item: display: none; 1`] = `
<DocumentFragment>
  <div
    role="grid"
    style="position: relative; width: 100%; max-width: 100%; height: 0px; max-height: 0;"
    tabindex="0"
  >
    <div
      role="griditem"
      style="top: 0px; left: 0px; width: 213px; writing-mode: horizontal-tb; position: absolute; display: none;"
    >
      <div
        style="width: 100%; height: 360px;"
      >
        <span>
          0
        </span>
        Hello
      </div>
    </div>
  </div>
</DocumentFragment>
`;

exports[`FreeMasonry should apply columnGutter: 305 -> 325 1`] = `
<DocumentFragment>
  <div
    role="grid"
    style="position: relative; width: 100%; max-width: 100%; height: 20px; max-height: 20px;"
    tabindex="0"
  >
    <div
      role="griditem"
      style="top: 0px; left: 0px; width: 305px; writing-mode: horizontal-tb; position: absolute;"
    >
      <div
        style="width: 100%; height: 360px;"
      >
        <span>
          0
        </span>
        Hello
      </div>
    </div>
    <div
      role="griditem"
      style="top: 0px; left: 325px; width: 305px; writing-mode: horizontal-tb; position: absolute;"
    >
      <div
        style="width: 100%; height: 420px;"
      >
        <span>
          1
        </span>
        Hello
      </div>
    </div>
    <div
      role="griditem"
      style="top: 0px; left: 650px; width: 305px; writing-mode: horizontal-tb; position: absolute;"
    >
      <div
        style="width: 100%; height: 372px;"
      >
        <span>
          2
        </span>
        Hello
      </div>
    </div>
    <div
      role="griditem"
      style="top: 0px; left: 975px; width: 305px; writing-mode: horizontal-tb; position: absolute;"
    >
      <div
        style="width: 100%; height: 460px;"
      >
        <span>
          3
        </span>
        Hello
      </div>
    </div>
    <div
      role="griditem"
      style="top: 20px; left: 0px; width: 305px; writing-mode: horizontal-tb; position: absolute;"
    >
      <div
        style="width: 100%; height: 520px;"
      >
        <span>
          4
        </span>
        Hello
      </div>
    </div>
  </div>
</DocumentFragment>
`;

exports[`FreeMasonry should override columnWidth with columnCount: width: 1280; 1`] = `
<DocumentFragment>
  <div
    role="grid"
    style="position: relative; width: 100%; max-width: 100%; height: 0px; max-height: 0;"
    tabindex="0"
  >
    <div
      role="griditem"
      style="top: 0px; left: 0px; width: 1280px; writing-mode: horizontal-tb; position: absolute;"
    >
      <div
        style="width: 100%; height: 360px;"
      >
        <span>
          0
        </span>
        Hello
      </div>
    </div>
    <div
      role="griditem"
      style="top: 0px; left: 0px; width: 1280px; writing-mode: horizontal-tb; position: absolute;"
    >
      <div
        style="width: 100%; height: 420px;"
      >
        <span>
          1
        </span>
        Hello
      </div>
    </div>
  </div>
</DocumentFragment>
`;

exports[`FreeMasonry throws 1`] = `"Cannot read property 'length' of undefined"`;

exports[`List should render single column 1`] = `
<DocumentFragment>
  <div
    role="list"
    style="position: relative; width: 100%; max-width: 100%; height: 0px; max-height: 0; will-change: contents, height; pointer-events: none;"
    tabindex="0"
  >
    <div
      role="listitem"
      style="top: 0px; left: 0px; width: 1280px; writing-mode: horizontal-tb; position: absolute;"
    >
      <div
        style="width: 100%; height: 360px;"
      >
        <span>
          0
        </span>
        Hello
      </div>
    </div>
    <div
      role="listitem"
      style="top: 0px; left: 0px; width: 1280px; writing-mode: horizontal-tb; position: absolute;"
    >
      <div
        style="width: 100%; height: 420px;"
      >
        <span>
          1
        </span>
        Hello
      </div>
    </div>
  </div>
</DocumentFragment>
`;
